../Drivers/STM32F4xx_HAL_Driver/Inc/stm32f4xx_ll_bus.h:409:22:LL_AHB1_GRP1_EnableClock	24	static
../can_ll_lib/stm32f4_can_ll.c:28:13:LL_CAN_GPIO_Init	48	static
../can_ll_lib/stm32f4_can_ll.c:93:13:LL_CAN_Init	24	static
../can_ll_lib/stm32f4_can_ll.c:221:13:LL_CAN_ConfigFilter	24	static
../can_ll_lib/stm32f4_can_ll.c:343:13:LL_CAN_Start	24	static
../can_ll_lib/stm32f4_can_ll.c:388:13:LL_CAN_AddTxMessage	32	static
../can_ll_lib/stm32f4_can_ll.c:444:13:Trans	32	static
../can_ll_lib/stm32f4_can_ll.c:491:13:LL_CAN_IsTxMessagePending	24	static
../can_ll_lib/stm32f4_can_ll.c:524:10:LL_CAN_GetRxFifoFillLevel	24	static
../can_ll_lib/stm32f4_can_ll.c:569:13:LL_CAN_GetRxMessage	24	static
../can_ll_lib/stm32f4_can_ll.c:670:6:LL_CAN_ActivateInterrupt	16	static
../can_ll_lib/stm32f4_can_ll.c:711:13:LL_CAN_TxMailbox0CompleteCallback	16	static
../can_ll_lib/stm32f4_can_ll.c:728:13:LL_CAN_TxMailbox1CompleteCallback	16	static
../can_ll_lib/stm32f4_can_ll.c:745:13:LL_CAN_TxMailbox2CompleteCallback	16	static
../can_ll_lib/stm32f4_can_ll.c:762:13:LL_CAN_TxMailbox0AbortCallback	16	static
../can_ll_lib/stm32f4_can_ll.c:779:13:LL_CAN_TxMailbox1AbortCallback	16	static
../can_ll_lib/stm32f4_can_ll.c:796:13:LL_CAN_TxMailbox2AbortCallback	16	static
../can_ll_lib/stm32f4_can_ll.c:813:13:LL_CAN_RxFifo0MsgPendingCallback	16	static
../can_ll_lib/stm32f4_can_ll.c:830:13:LL_CAN_RxFifo0FullCallback	16	static
../can_ll_lib/stm32f4_can_ll.c:847:13:LL_CAN_RxFifo1MsgPendingCallback	16	static
../can_ll_lib/stm32f4_can_ll.c:864:13:LL_CAN_RxFifo1FullCallback	16	static
../can_ll_lib/stm32f4_can_ll.c:881:13:LL_CAN_SleepCallback	16	static
../can_ll_lib/stm32f4_can_ll.c:897:13:LL_CAN_WakeUpFromRxMsgCallback	16	static
../can_ll_lib/stm32f4_can_ll.c:914:13:LL_CAN_ErrorCallback	16	static
../can_ll_lib/stm32f4_can_ll.c:933:6:LL_CAN_IRQHandler	48	static
